---
source: crates/vim9-lexer/src/lib.rs
assertion_line: 745
expression: snapshot_lexing(contents)
---
vim9script
^^^^^^^^^^ Token(Identifier, "vim9script", (0,0)->(0,10))
           Token(EndOfLine, "\n", (0,10)->(0,10))

 Token(EndOfLine, "\n", (1,0)->(1,0))
var X = (a, b) => a + b
^^^ Token(Identifier, "var", (2,0)->(2,3))
    ^ Token(Identifier, "X", (2,4)->(2,5))
      ^ Token(Equal, "=", (2,6)->(2,7))
        ^ Token(LeftParen, "(", (2,8)->(2,9))
         ^ Token(Identifier, "a", (2,9)->(2,10))
          ^ Token(Comma, ",", (2,10)->(2,11))
            ^ Token(Identifier, "b", (2,12)->(2,13))
             ^ Token(RightParen, ")", (2,13)->(2,14))
               ^^ Token(Arrow, "=>", (2,15)->(2,17))
                  ^ Token(Identifier, "a", (2,18)->(2,19))
                    ^ Token(Plus, "+", (2,20)->(2,21))
                      ^ Token(Identifier, "b", (2,22)->(2,23))
                        Token(EndOfLine, "\n", (2,23)->(2,23))
echo X(1, 2)
^^^^ Token(Identifier, "echo", (3,0)->(3,4))
     ^ Token(Identifier, "X", (3,5)->(3,6))
      ^ Token(LeftParen, "(", (3,6)->(3,7))
       ^ Token(Integer, "1", (3,7)->(3,8))
        ^ Token(Comma, ",", (3,8)->(3,9))
          ^ Token(Integer, "2", (3,10)->(3,11))
           ^ Token(RightParen, ")", (3,11)->(3,12))
             Token(EndOfLine, "\n", (3,12)->(3,12))

