---
source: crates/vim9-parser/src/lib.rs
assertion_line: 2565
expression: snapshot_parsing(contents)
---
[
    Vim9Script(
        Vim9ScriptCommand {
            noclear: false,
            eol: Token(EndOfLine, (0,10)->(0,10)),
        },
    ),
    NoOp(
        Token(EndOfLine, "\n", (1,0)->(1,0)),
    ),
    Statement(
        Assign(
            AssignStatement {
                left: Identifier(
                    Scope(ScopedIdentifier { scope: Global, colon: Token(Colon, (2,1)->(2,2)), accessor: Raw(global_variable) }),
                ),
                equals: Token(Equal, (2,18)->(2,19)),
                right: Number(
                    Number(1),
                ),
                eol: Token(EndOfLine, (2,21)->(2,21)),
            },
        ),
    ),
]
