---
source: crates/vim9-parser/src/lib.rs
assertion_line: 2544
expression: snapshot_parsing(contents)
---
[
    Vim9Script(
        Vim9ScriptCommand {
            noclear: false,
            eol: Token(EndOfLine, (0,10)->(0,10)),
        },
    ),
    NoOp(
        Token(EndOfLine, "\n", (1,0)->(1,0)),
    ),
    Heredoc(
        Heredoc {
            var: Token(Identifier, (2,0)->(2,3)),
            ty: None,
            name: Raw(x),
            op: Token(HeredocOperator, (2,6)->(2,9)),
            trim: false,
            eval: false,
            open: Token(Identifier, (2,10)->(2,13)),
            contents: [
                "  hello     this",
                "    world   that",
                "  this      other",
            ],
            close: Token(Identifier, (6,0)->(6,3)),
        },
    ),
    NoOp(
        Token(EndOfLine, "\n", (7,0)->(7,0)),
    ),
    Heredoc(
        Heredoc {
            var: Token(Identifier, (8,0)->(8,3)),
            ty: None,
            name: Raw(y),
            op: Token(HeredocOperator, (8,6)->(8,9)),
            trim: true,
            eval: false,
            open: Token(Identifier, (8,15)->(8,18)),
            contents: [
                "  hello",
                "  world",
            ],
            close: Token(Identifier, (11,0)->(11,3)),
        },
    ),
]
