---
source: crates/vim9-parser/src/test.rs
assertion_line: 29
expression: snapshot_parsing(contents)
---
[
    Vim9Script(
        Vim9ScriptCommand {
            noclear: false,
            eol: Token(EndOfLine, "\n", (0,10)->(0,10)),
        },
    ),
    Augroup(
        AugroupCommand {
            augroup: Token(Identifier, "augroup", (2,0)->(2,7)),
            augroup_name: Literal {
                token: Token(Identifier, "matchparen", (2,8)->(2,18)),
            },
            augroup_eol: Token(EndOfLine, "\n", (2,18)->(2,18)),
            body: Body {
                commands: [
                    Comment(
                        Token(Comment, "# Replace all matchparen autocommands", (3,2)->(3,39)),
                    ),
                    Autocmd(
                        AutocmdCommand {
                            autocmd: Token(Identifier, "autocmd", (4,2)->(4,9)),
                            bang: true,
                            events: [
                                Literal {
                                    token: Token(Identifier, "CursorMoved", (4,11)->(4,22)),
                                },
                                Literal {
                                    token: Token(Identifier, "CursorMovedI", (4,23)->(4,35)),
                                },
                                Literal {
                                    token: Token(Identifier, "WinEnter", (4,36)->(4,44)),
                                },
                            ],
                            pattern: Pattern(
                                [
                                    "*",
                                ],
                            ),
                            block: Block(
                                Block {
                                    open: Token(LeftBrace, "{", (4,47)->(4,48)),
                                    body: Body {
                                        commands: [
                                            NoOp(
                                                Token(EndOfLine, "\n", (4,48)->(4,48)),
                                            ),
                                            Echo(
                                                EchoCommand {
                                                    echo: Token(Identifier, "echo", (5,6)->(5,10)),
                                                    expr: String(
                                                        DoubleQuote(
                                                            "Block",
                                                        ),
                                                    ),
                                                    eol: Token(EndOfLine, "\n", (5,18)->(5,18)),
                                                },
                                            ),
                                        ],
                                    },
                                    close: Token(RightBrace, "}", (6,4)->(6,5)),
                                    eol: Token(EndOfLine, "\n", (6,5)->(6,5)),
                                },
                            ),
                        },
                    ),
                    NoOp(
                        Token(EndOfLine, "\n", (7,0)->(7,0)),
                    ),
                    Autocmd(
                        AutocmdCommand {
                            autocmd: Token(Identifier, "autocmd", (8,2)->(8,9)),
                            bang: false,
                            events: [
                                Literal {
                                    token: Token(Identifier, "WinLeave", (8,10)->(8,18)),
                                },
                            ],
                            pattern: Pattern(
                                [
                                    "*",
                                ],
                            ),
                            block: Command(
                                Echo(
                                    EchoCommand {
                                        echo: Token(Identifier, "echo", (8,21)->(8,25)),
                                        expr: String(
                                            DoubleQuote(
                                                "Command",
                                            ),
                                        ),
                                        eol: Token(EndOfLine, "\n", (8,35)->(8,35)),
                                    },
                                ),
                            ),
                        },
                    ),
                    NoOp(
                        Token(EndOfLine, "\n", (9,0)->(9,0)),
                    ),
                    Autocmd(
                        AutocmdCommand {
                            autocmd: Token(Identifier, "autocmd", (10,2)->(10,9)),
                            bang: false,
                            events: [
                                Literal {
                                    token: Token(Identifier, "WinLeave", (10,10)->(10,18)),
                                },
                            ],
                            pattern: Pattern(
                                [
                                    "*.py",
                                ],
                            ),
                            block: Command(
                                Echo(
                                    EchoCommand {
                                        echo: Token(Identifier, "echo", (10,24)->(10,28)),
                                        expr: String(
                                            DoubleQuote(
                                                "snek lang",
                                            ),
                                        ),
                                        eol: Token(EndOfLine, "\n", (10,40)->(10,40)),
                                    },
                                ),
                            ),
                        },
                    ),
                    Autocmd(
                        AutocmdCommand {
                            autocmd: Token(Identifier, "autocmd", (11,2)->(11,9)),
                            bang: false,
                            events: [
                                Literal {
                                    token: Token(Identifier, "WinLeave", (11,10)->(11,18)),
                                },
                            ],
                            pattern: Pattern(
                                [
                                    "*.py",
                                    "*.rs",
                                ],
                            ),
                            block: Command(
                                Echo(
                                    EchoCommand {
                                        echo: Token(Identifier, "echo", (11,29)->(11,33)),
                                        expr: String(
                                            DoubleQuote(
                                                "One of these is better",
                                            ),
                                        ),
                                        eol: Token(EndOfLine, "\n", (11,58)->(11,58)),
                                    },
                                ),
                            ),
                        },
                    ),
                    NoOp(
                        Token(EndOfLine, "\n", (12,0)->(12,0)),
                    ),
                ],
            },
            augroup_end: Token(Identifier, "augroup", (13,0)->(13,7)),
            augroup_end_name: Token(Identifier, "END", (13,8)->(13,11)),
            augroup_end_eol: Token(EndOfLine, "\n", (13,11)->(13,11)),
        },
    ),
]
