---
source: crates/vim9-parser/src/lib.rs
assertion_line: 2299
expression: snapshot_parsing(contents)
---
[
    Vim9Script(
        Vim9ScriptCommand {
            noclear: false,
            eol: Token(EndOfLine, (0,10)->(0,10)),
        },
    ),
    NoOp(
        Token(EndOfLine, "\n", (1,0)->(1,0)),
    ),
    Comment(
        Token(Comment, "# Hello()", (2,0)->(2,9)),
    ),
    Comment(
        Token(Comment, "# \"World\"", (3,0)->(3,9)),
    ),
]
