---
source: src/lib.rs
assertion_line: 737
expression: snapshot_parsing(contents)
---
[
    Vim9Script(
        Vim9ScriptCommand {
            noclear: false,
            eol: Token(EndOfLine, "\n", (0,10)->(0,10)),
        },
    ),
    Var(
        VarCommand {
            var: Token(Identifier, "var", (2,0)->(2,3)),
            name: Raw(
                RawIdentifier {
                    name: "x",
                },
            ),
            equal: Token(Equal, "=", (2,6)->(2,7)),
            expr: Number(
                VimNumber {
                    value: "5",
                },
            ),
            eol: Token(EndOfLine, "\n", (2,9)->(2,9)),
        },
    ),
]
