---
source: crates/vim9-parser/src/lib.rs
assertion_line: 2870
expression: snapshot_parsing(contents)
---
[
    Vim9Script(
        Vim9ScriptCommand {
            noclear: false,
            eol: Token(EndOfLine, (0,10)->(0,10)),
        },
    ),
    NoOp(
        Token(EndOfLine, "\n", (1,0)->(1,0)),
    ),
    Var(
        VarCommand {
            var: Token(Identifier, (2,0)->(2,3)),
            ty: Some(
                Bool,
            ),
            name: Raw(bool1),
            equal: Token(Equal, (2,16)->(2,17)),
            expr: Boolean(
                VimBoolean {
                    value: true,
                },
            ),
            eol: Token(EndOfLine, (2,22)->(2,22)),
        },
    ),
    Var(
        VarCommand {
            var: Token(Identifier, (3,0)->(3,3)),
            ty: Some(
                Bool,
            ),
            name: Raw(bool2),
            equal: Token(Equal, (3,16)->(3,17)),
            expr: Identifier(
                Scope(ScopedIdentifier { scope: VimVar, colon: Token(Colon, (3,19)->(3,20)), accessor: Raw(true) }),
            ),
            eol: Token(EndOfLine, (3,24)->(3,24)),
        },
    ),
]
