---
source: src/lib.rs
assertion_line: 1372
expression: snapshot_parsing(contents)
---
[
    Vim9Script(
        Vim9ScriptCommand {
            noclear: false,
            eol: Token(EndOfLine, "\n", (0,10)->(0,10)),
        },
    ),
    Var(
        VarCommand {
            var: Token(Identifier, "var", (2,0)->(2,3)),
            ty: None,
            name: Raw(x),
            equal: Token(Equal, "=", (2,6)->(2,7)),
            expr: Array(
                ArrayLiteral {
                    open: Token(LeftBracket, "[", (2,8)->(2,9)),
                    elements: [
                        Number(
                            VimNumber {
                                value: "1",
                            },
                        ),
                        String(
                            DoubleQuote(
                                "2",
                            ),
                        ),
                        Call(
                            f: Identifier(Raw(len)) arg: [
                                String(
                                    DoubleQuote(
                                        "hello",
                                    ),
                                ),
                            ],
                        ),
                    ],
                    close: Token(RightBracket, "]", (2,29)->(2,30)),
                },
            ),
            eol: Token(EndOfLine, "\n", (2,30)->(2,30)),
        },
    ),
]
