---
source: crates/vim9-gen/src/lib.rs
assertion_line: 1009
expression: "generate(contents, false)"
---
local NVIM9 = require("vim9script")
local __VIM9_MODULE = {}
local ReturnsFive = nil
-- vim9script

ReturnsFive = function()
  return 5
end
__VIM9_MODULE["ReturnsFive"] = ReturnsFive
return __VIM9_MODULE

